schema_version=aggie.ac038_target_benchmark_log.v1
created_at_utc=2026-08-09T10:58:53Z
issue=BAT-358
local_id=POST-SUBTASK-008
git_commit=c1ec5cabf4ae2501ffe6c2c1990f256c95e0da29
git_tree=82ecab35ed349b526c1d027fcc41a786d6599663
input_manifest_path=artifacts/benchmarks/ac038_input_manifest.json
input_manifest_sha256=d4107ad844576c7e3e2e8ec960abb4455176d78d86f0cd859a166fe82acbe303
target_os=Windows
target_cpu_class=Ryzen_7_HX
target_ram_gib=31.3
target_gpu_class=RTX_5060
target_storage=NVMe
independent_target_class_match=true
command=powershell.exe -NoProfile -ExecutionPolicy Bypass -File scripts/benchmark_target.ps1
profile=representative
representative_rows=100000
repetitions=3
warm_cold_distinction=INDEPENDENT_PROCESS_REPETITIONS_OS_CACHE_STATE_NOT_CONTROLLED
process_errors=0
workload_hashes_repeat_stable=true
run=1 exit_code=0 wall_clock_seconds=4.213658 cpu_peak_percent=27.9 gpu_peak_percent=0.0 gpu_memory_peak_mib=1512.0 process_rss_peak_mib=174.059 system_ram_used_peak_gib=26.112 disk_read_bytes_delta=3229184 disk_write_bytes_delta=6361600 free_bytes_before=93594251264 free_bytes_after=93593784320 raw_sha256=cd02beb4cea320c5e78d19ed2b19d9f60e625bcc3144e2c0ed3d18021aa2c92c telemetry_sha256=0291ea2d374d1bf273fb341088c963f1f2274f1d1d31d0a1048255d4dd153ae1
run=2 exit_code=0 wall_clock_seconds=4.240638 cpu_peak_percent=29.1 gpu_peak_percent=0.0 gpu_memory_peak_mib=1512.0 process_rss_peak_mib=176.941 system_ram_used_peak_gib=26.123 disk_read_bytes_delta=2589696 disk_write_bytes_delta=1433600 free_bytes_before=93593776128 free_bytes_after=93593616384 raw_sha256=54cf6e4745c8aff7489c112cbf5076a26a3208671a7804a00b5d391415ad699e telemetry_sha256=67c8373e52e7af5354e88d1d06e7a8891580580ae9c91c1f1d2576527690f8e7
run=3 exit_code=0 wall_clock_seconds=4.097733 cpu_peak_percent=29.1 gpu_peak_percent=0.0 gpu_memory_peak_mib=1512.0 process_rss_peak_mib=175.648 system_ram_used_peak_gib=26.127 disk_read_bytes_delta=2512384 disk_write_bytes_delta=1810944 free_bytes_before=93593608192 free_bytes_after=93593534464 raw_sha256=f89e7ab8436c9dfd75e1f0dbaa7fe8ef5b07ac098f56e395677cedc7e65f739b telemetry_sha256=6bfaac6bc7b32f10aa0e73a139ff0366139164af52ce264fea67f4dc80dcac63
wall_clock_minimum_seconds=4.097733
wall_clock_median_seconds=4.213658
wall_clock_maximum_seconds=4.240638
json_roundtrip_result_sha256=fc4f0757c89b0add6b6d42a41c616dd4fd9d4fa68f06b5458c4c2d24ee7539a1
content_hash_result_sha256=8ae52eca4d97fa79886a2c5da625e613fbb5debae9bf49ff4fdd72004b8adbab
group_aggregate_result_sha256=5397d1ea148e66865dd06b0a1a4bfdc667bea0bad2851822cd8bf332329f082a
six_stage_operation_sequence=ingestion,pit_eligibility,feature,model,publication,product_read
six_stage_repetitions=3
six_stage_process_errors=0
six_stage_hashes_repeat_stable=true
six_stage_wall_clock_minimum_seconds=2.583025
six_stage_wall_clock_median_seconds=2.583617
six_stage_wall_clock_maximum_seconds=2.590045
six_stage_run=1 wall_clock_seconds=2.583025 cpu_peak_percent=25.0 gpu_peak_percent=0.0 process_rss_peak_mib=153.809 disk_read_bytes_delta=2309632 disk_write_bytes_delta=3588608 raw_sha256=fccc568c29b42686b077f55a965070d2bfd4690b7671506a6b17a8c4f53b885b snapshot_sha256=c93a35bbebe30057ac19ff45f4ef9ab0c1298cb103e0abddc11aa0c5a383c41e telemetry_sha256=76d4af3c3bdd82c02ac13649031b116ea13d7ba83d4fe682d99e6c39018f501d
six_stage_run=2 wall_clock_seconds=2.590045 cpu_peak_percent=20.4 gpu_peak_percent=0.0 process_rss_peak_mib=154.082 disk_read_bytes_delta=2360320 disk_write_bytes_delta=2588672 raw_sha256=2cb40abbd9b4d4d83f10df26ba70206e3b1b7930d15b6786d27b3d1c1a298f1f snapshot_sha256=c93a35bbebe30057ac19ff45f4ef9ab0c1298cb103e0abddc11aa0c5a383c41e telemetry_sha256=91ceac149e573c23d5b0138ffac57095e795dee4d75556456a5da8c851e1d39e
six_stage_run=3 wall_clock_seconds=2.583617 cpu_peak_percent=26.1 gpu_peak_percent=0.0 process_rss_peak_mib=153.305 disk_read_bytes_delta=397824 disk_write_bytes_delta=1303040 raw_sha256=e6c371b3de97ad08431e3acdfd9a5dac79e8684ac5fca733b9cad1ab5242dc07 snapshot_sha256=c93a35bbebe30057ac19ff45f4ef9ab0c1298cb103e0abddc11aa0c5a383c41e telemetry_sha256=6d1bb517a072f98116dc816f44c9032d79582c1731b2183ac0270d28021fe148
six_stage_ingestion_sha256=0462555b07b9bab7a8d2e1de65cdf5d519d10df652baa05dd6cef1fe33abdd7f
six_stage_pit_eligibility_sha256=e5e1755bb6fbfa4d083632f88e1aca8842c127f01384008c400b94229acb31b0
six_stage_feature_sha256=15011316b642d3a85b04c4de95ba2ef45c70dbad62ad89f67717dd001c07db61
six_stage_model_proxy_sha256=f536defb01692979241fdcc33d3ea68a34486156204cdf4f79e9426d12507476
six_stage_publication_sha256=c93a35bbebe30057ac19ff45f4ef9ab0c1298cb103e0abddc11aa0c5a383c41e
six_stage_product_read_hash_match=true
six_stage_negative_cases_rejected=4_of_4_each_run
benchmark_v1_target_match=false
benchmark_v1_authoritative_for_thr_011_012=false
authority_contradiction=INDEPENDENT_CIM_MATCH_TRUE_PLATFORM_PROCESSOR_RYZEN_TOKEN_FALSE
authority_override_applied=false
governance_disposition_owner=POST-SUBTASK-009
protected_outcomes_accessed=false
real_historical_data_used=false
ac_038_resolved_by_this_issue=false
thr_011=TBD
thr_012=TBD
thresholds_set=false
release_ready=false
